=== MCL-AP Experiment 011: bootstrap objects over air ===
date:       2026-09-06T20:10:32+05:30
rig:        board
microphone: Microphone Array (Realtek(R) Audio)
port:       COM3
emit gain:  50% of full scale (rig control; the waveform is unchanged)
input cap:  capture gain <= 0.15, to keep the amplifier transient unclipped
clock:      board and host oscillators are independent -- this rig
            carries the clock term host-loopback cannot show
waveform:   FSK 1500:6300 Hz (band override), 300 baud, 48 kHz

board:      MCLNODE PONG v5
gain:       MCLNODE GAIN 50%

--- cell presence (10 bytes) expected=10020A11EDC00000043C ---
source: wrote C:\Users\marsm\Downloads\mcl\mcl-ap\experiments\011-bootstrap-over-air\evidence\band-1500-6300-presence-20260906\source-presence.wav: 38400 samples (0.800 s) band 1500/6300 chirp 500-6300
source: payload PRESENCE bytes=10 hex=10020A11EDC00000043C
  input gain FIXED at 0.120; no probe emissions
  capture gain settled at 0.120 (was 0.275)
  presence 01 rc=4 peak=-10.5 dB  .\presence-trial-01.wav acquired=0 corr=0.106  stock=--  refined=--

  presence : acquired 0/1   shipped receiver 0/1   blind refinement 0/1

SUMMARY
  cell      bytes    acquired     shipped     refined
  presence     10         0/1         0/1         0/1

Acquired, shipped and refined are counted separately on purpose. A cell
that acquires and does not recover is a channel result; a cell that does
not acquire at all is usually the harness, and the peak level says which.
Shipped and refined come from the SAME capture, so their difference is the
estimator and nothing else.
