MCL-AP experiment 009 - Android speaker to laptop microphone
started    2026-09-05T00:24:08+05:30
device     vivo I2017, Android 14 (API 34), SM8350
microphone Microphone Array (Realtek(R) Audio)
volume     index 11 of 15 (was 11); restored at the end
waveform   FSK 3000/6000 Hz, chirp 2000-6000 Hz, 300 baud, 48 kHz

wire 01  rc=0  peak=-4.3 dB   rc=0 acquired=1 index=69121 corr=0.727739 crc_valid=1 rx_crc=6076 calc_crc=6076 bytes=10 payload=10020A11EDC00000043C OBJECT kind=PRESENCE consumed=10 priority=1 source_ref=168947136 capability_tag=4 ttl=60 RESULT: RECOVERED
wire 02  rc=0  peak=-7.0 dB   rc=0 acquired=1 index=79116 corr=0.782519 crc_valid=1 rx_crc=6076 calc_crc=6076 bytes=10 payload=10020A11EDC00000043C OBJECT kind=PRESENCE consumed=10 priority=1 source_ref=168947136 capability_tag=4 ttl=60 RESULT: RECOVERED
wire 03  rc=3  peak=-1.3 dB   rc=5 acquired=1 index=79945 corr=0.814213 crc_valid=0 rx_crc=6076 calc_crc=1264 bytes=14 RESULT: acquired, no recovery
wire 04  rc=0  peak=-2.8 dB   rc=0 acquired=1 index=78921 corr=0.872573 crc_valid=1 rx_crc=6076 calc_crc=6076 bytes=10 payload=10020A11EDC00000043C OBJECT kind=PRESENCE consumed=10 priority=1 source_ref=168947136 capability_tag=4 ttl=60 RESULT: RECOVERED
wire 05  rc=0  peak=-2.5 dB   rc=0 acquired=1 index=79052 corr=0.861810 crc_valid=1 rx_crc=6076 calc_crc=6076 bytes=10 payload=10020A11EDC00000043C OBJECT kind=PRESENCE consumed=10 priority=1 source_ref=168947136 capability_tag=4 ttl=60 RESULT: RECOVERED
wire 06  rc=3  peak=-2.5 dB   rc=5 acquired=1 index=79099 corr=0.845310 crc_valid=0 rx_crc=6076 calc_crc=24A3 bytes=10 RESULT: acquired, no recovery
wire 07  rc=3  peak=-2.5 dB   rc=5 acquired=1 index=81174 corr=0.839491 crc_valid=0 rx_crc=6076 calc_crc=00C4 bytes=10 RESULT: acquired, no recovery
wire 08  rc=3  peak=-2.6 dB   rc=5 acquired=1 index=78153 corr=0.850493 crc_valid=0 rx_crc=7076 calc_crc=ACE5 bytes=10 RESULT: acquired, no recovery
wire 09  rc=3  peak=-2.4 dB   rc=5 acquired=1 index=80048 corr=0.846250 crc_valid=0 rx_crc=7076 calc_crc=EBB3 bytes=10 RESULT: acquired, no recovery
wire 10  rc=3  peak=-2.8 dB   rc=5 acquired=1 index=82931 corr=0.845985 crc_valid=0 rx_crc=6076 calc_crc=91E6 bytes=11 RESULT: acquired, no recovery
frame 01  rc=3  peak=-1.9 dB   rc=5 acquired=1 index=81377 corr=0.835870 crc_valid=0 rx_crc=46B6 calc_crc=87F2 bytes=24 RESULT: acquired, no recovery
frame 02  rc=3  peak=-2.1 dB   rc=5 acquired=1 index=78215 corr=0.847029 crc_valid=0 rx_crc=77F6 calc_crc=1590 bytes=24 RESULT: acquired, no recovery
frame 03  rc=3  peak=-2.1 dB   rc=5 acquired=1 index=79826 corr=0.838360 crc_valid=0 rx_crc=47B6 calc_crc=B72D bytes=24 RESULT: acquired, no recovery
frame 04  rc=3  peak=-2.1 dB   rc=5 acquired=1 index=80341 corr=0.854846 crc_valid=0 rx_crc=47BE calc_crc=5E71 bytes=24 RESULT: acquired, no recovery
frame 05  rc=3  peak=-1.9 dB   rc=5 acquired=1 index=81028 corr=0.853595 crc_valid=0 rx_crc=46B2 calc_crc=5FCB bytes=24 RESULT: acquired, no recovery
frame 06  rc=3  peak=-1.9 dB   rc=5 acquired=1 index=81220 corr=0.847493 crc_valid=0 rx_crc=46B2 calc_crc=28D2 bytes=24 RESULT: acquired, no recovery
frame 07  rc=3  peak=-2.1 dB   rc=5 acquired=1 index=81334 corr=0.852875 crc_valid=0 rx_crc=46B6 calc_crc=368C bytes=24 RESULT: acquired, no recovery
frame 08  rc=3  peak=-2.2 dB   rc=5 acquired=1 index=81458 corr=0.848337 crc_valid=0 rx_crc=46B6 calc_crc=0495 bytes=24 RESULT: acquired, no recovery
frame 09  rc=3  peak=-2.2 dB   rc=5 acquired=1 index=82151 corr=0.847539 crc_valid=0 rx_crc=47B6 calc_crc=6805 bytes=24 RESULT: acquired, no recovery
frame 10  rc=0  peak=-2.4 dB   rc=0 acquired=1 index=82198 corr=0.852279 crc_valid=1 rx_crc=46B2 calc_crc=46B2 bytes=24 payload=10140A11EDC00001000A10020A11EDC00000043C1105C2C4 FRAME link_major=1 class=0 flags=0x14 source_ref=168947136 sequence=1 payload_len=10 consumed=24 OBJECT kind=PRESENCE consumed=10 priority=1 source_ref=168947136 capability_tag=4 ttl=60 RESULT: RECOVERED

SUMMARY
  wire   acquired 10/10  recovered 4/10
  frame  acquired 10/10  recovered 1/10

Acquired and recovered are counted separately on purpose. A cell that
acquires and does not recover is a channel result; a cell that does not
acquire at all is usually the harness, and the peak level above says which.
