=== MCL-AP Experiment 004: host-to-board, payload=wire ===
date: 2026-09-04T19:11:00+05:30
port: COM3

board: MCLNODE PONG v3

source: wrote C:\Users\marsm\Downloads\mcl\mcl-ap\experiments\004-embedded-node\evidence\e4-node-host-to-board-wire-20260904\host-source.wav: 38400 samples (0.800 s)
source: payload WIRE bytes=10 hex=10020A11EDC00000043C

trial 01:
           MCLNODE LISTEN captured=72000 ms=1474
           MCLNODE LISTEN rc=0 ms=6026 acquired=1 index=9398 corr=0.856574 crc_valid=1 rx_crc=6076 calc_crc=6076 bytes=10
           MCLNODE LISTEN payload=10020A11EDC00000043C
           MCLNODE OBJECT kind=PRESENCE consumed=10 priority=1 source_ref=168947136 capability_tag=4 ttl=60
           MCLNODE LISTEN RECOVERED

trial 02:
           MCLNODE LISTEN captured=72000 ms=1475
           MCLNODE LISTEN rc=5 ms=6027 acquired=1 index=7752 corr=0.833076 crc_valid=0 rx_crc=6076 calc_crc=7FEA bytes=10
           MCLNODE LISTEN NO_RECOVERY

trial 03:
           MCLNODE LISTEN captured=72000 ms=1475
           MCLNODE LISTEN rc=0 ms=6028 acquired=1 index=6563 corr=0.886745 crc_valid=1 rx_crc=6076 calc_crc=6076 bytes=10
           MCLNODE LISTEN payload=10020A11EDC00000043C
           MCLNODE OBJECT kind=PRESENCE consumed=10 priority=1 source_ref=168947136 capability_tag=4 ttl=60
           MCLNODE LISTEN RECOVERED

trial 04:
           MCLNODE LISTEN captured=72000 ms=1474
           MCLNODE LISTEN rc=0 ms=6022 acquired=1 index=14942 corr=0.862058 crc_valid=1 rx_crc=6076 calc_crc=6076 bytes=10
           MCLNODE LISTEN payload=10020A11EDC00000043C
           MCLNODE OBJECT kind=PRESENCE consumed=10 priority=1 source_ref=168947136 capability_tag=4 ttl=60
           MCLNODE LISTEN RECOVERED

trial 05:
           MCLNODE LISTEN captured=72000 ms=1473
           MCLNODE LISTEN rc=5 ms=6028 acquired=1 index=6823 corr=0.859645 crc_valid=0 rx_crc=4076 calc_crc=BAD7 bytes=10
           MCLNODE LISTEN NO_RECOVERY

trial 06:
           MCLNODE LISTEN captured=72000 ms=1471
           MCLNODE LISTEN rc=5 ms=6027 acquired=1 index=7902 corr=0.866567 crc_valid=0 rx_crc=6076 calc_crc=AF3C bytes=10
           MCLNODE LISTEN NO_RECOVERY

trial 07:
           MCLNODE LISTEN captured=72000 ms=1473
           MCLNODE LISTEN rc=5 ms=6027 acquired=1 index=7264 corr=0.870985 crc_valid=0 rx_crc=6076 calc_crc=A11B bytes=10
           MCLNODE LISTEN NO_RECOVERY

trial 08:
           MCLNODE LISTEN captured=72000 ms=1474
           MCLNODE LISTEN rc=0 ms=6028 acquired=1 index=6358 corr=0.856462 crc_valid=1 rx_crc=6076 calc_crc=6076 bytes=10
           MCLNODE LISTEN payload=10020A11EDC00000043C
           MCLNODE OBJECT kind=PRESENCE consumed=10 priority=1 source_ref=168947136 capability_tag=4 ttl=60
           MCLNODE LISTEN RECOVERED

trial 09:
           MCLNODE LISTEN captured=72000 ms=1472
           MCLNODE LISTEN rc=0 ms=6028 acquired=1 index=6761 corr=0.862516 crc_valid=1 rx_crc=6076 calc_crc=6076 bytes=10
           MCLNODE LISTEN payload=10020A11EDC00000043C
           MCLNODE OBJECT kind=PRESENCE consumed=10 priority=1 source_ref=168947136 capability_tag=4 ttl=60
           MCLNODE LISTEN RECOVERED

trial 10:
           MCLNODE LISTEN captured=72000 ms=1472
           MCLNODE LISTEN rc=0 ms=6028 acquired=1 index=7308 corr=0.829236 crc_valid=1 rx_crc=6076 calc_crc=6076 bytes=10
           MCLNODE LISTEN payload=10020A11EDC00000043C
           MCLNODE OBJECT kind=PRESENCE consumed=10 priority=1 source_ref=168947136 capability_tag=4 ttl=60
           MCLNODE LISTEN RECOVERED

=== RESULT ===
direction:  host-to-board
payload:    wire
trials:     10
acquired:   10/10
recovered:  6/10

Acquisition and recovery are reported separately on purpose. "Heard
nothing" and "heard something and could not read it" are different
problems, and only the second one means a link is nearly working.
